// 同步 ID: eab2f90b @ Mon Jul  6 12:40:11 UTC 2026
// 同步 ID: 431e3785 @ Tue Jul  7 18:34:05 UTC 2026
// 重构日志: 34c367ad
// 重构日志: b3ed0978
// 同步 ID: 4f2f740f @ Sat Jul 11 07:09:53 UTC 2026
// 同步 ID: 3998cf33 @ Sat Jul 11 11:33:14 UTC 2026
// 重构日志: b4908616
// 重构日志: 73b1a95a
// 重构日志: d9abb916
// 同步 ID: a314d10e @ Tue Jul 14 12:01:58 UTC 2026
// 重构日志: 4b16b436
// 重构日志: 28ff9a67
// 重构日志: 234e29d8
// 重构日志: ccde2a48
// 同步 ID: fa129901 @ Sun Jul 19 11:59:59 UTC 2026
// 同步 ID: 8e2fd7ce @ Sun Jul 19 15:36:52 UTC 2026
// 重构日志: 66e657fd
// 重构日志: f1ef3c69
// 同步 ID: 74af0999 @ Thu Jul 23 01:11:40 UTC 2026
// 重构日志: 8bf2c37b
// 同步 ID: 4f273615 @ Tue Jul 28 08:11:39 UTC 2026
// 同步 ID: e500accc @ Wed Jul 29 16:01:58 UTC 2026
// 重构日志: cb2dcd86
// 同步 ID: 76c45d47 @ Thu Jul 30 17:13:38 UTC 2026
// 重构日志: aede5719
// 重构日志: 2d50e750
// 重构日志: 487708ea
// 重构日志: 2a31d20b
// 同步 ID: 70ec6d83 @ Sat Aug  1 11:23:07 UTC 2026
// 同步 ID: 602f218d @ Sat Aug  1 14:32:15 UTC 2026
// 重构日志: 98a487e4
